11:12:34 | train benign 47600 | val benign 8400 | supervised pool 149026 (attacks 101426)
11:12:34 | features: 52 in {'volume': 10, 'timing_tcp': 13, 'categorical': 15, 'application': 5, 'context': 9}
11:12:34 | 
 day  flows  sampled  attacks                                                                          attack_types
test  82332    82332    45332 Analysis, Backdoor, DoS, Exploits, Fuzzers, Generic, Reconnaissance, Shellcode, Worms
11:12:34 | val flows per role: {'web': np.int64(826), 'remote_admin': np.int64(199), 'file_transfer': np.int64(574), 'name_directory': np.int64(1062), 'mail': np.int64(271), 'database': np.int64(0), 'other_system': np.int64(5468), 'registered': np.int64(0), 'ephemeral': np.int64(0)}
11:12:39 | === ssl_mm_role ===
11:12:49 | [ssl_mm_role] epoch  1  train 1.4032  val 1.2052
11:12:50 | [ssl_mm_role] epoch  2  train 1.0221  val 0.9049
11:12:50 | [ssl_mm_role] epoch  3  train 0.8254  val 0.7802
11:12:51 | [ssl_mm_role] epoch  4  train 0.7477  val 0.7176
11:12:51 | [ssl_mm_role] epoch  5  train 0.6962  val 0.6776
11:12:52 | [ssl_mm_role] epoch  6  train 0.6660  val 0.6545
11:12:52 | [ssl_mm_role] epoch  7  train 0.6488  val 0.6403
11:12:53 | [ssl_mm_role] epoch  8  train 0.6364  val 0.6292
11:12:53 | [ssl_mm_role] epoch  9  train 0.6269  val 0.6203
11:12:54 | [ssl_mm_role] epoch 10  train 0.6196  val 0.6130
11:12:54 | [ssl_mm_role] trained in 15s
11:12:55 | [ssl_mm_role_knn] latent kNN scoring done in 1s
11:13:00 | [ssl_mm_role_latefuse_knn] late-fusion latent kNN scoring done in 5s
11:13:00 | === ssl_mm_global ===
11:13:01 | [ssl_mm_global] epoch  1  train 1.4311  val 1.2717
11:13:01 | [ssl_mm_global] epoch  2  train 1.0947  val 0.9708
11:13:02 | [ssl_mm_global] epoch  3  train 0.8759  val 0.8312
11:13:02 | [ssl_mm_global] epoch  4  train 0.7960  val 0.7686
11:13:03 | [ssl_mm_global] epoch  5  train 0.7503  val 0.7328
11:13:04 | [ssl_mm_global] epoch  6  train 0.7185  val 0.7033
11:13:04 | [ssl_mm_global] epoch  7  train 0.6895  val 0.6779
11:13:05 | [ssl_mm_global] epoch  8  train 0.6686  val 0.6605
11:13:05 | [ssl_mm_global] epoch  9  train 0.6550  val 0.6486
11:13:05 | [ssl_mm_global] epoch 10  train 0.6453  val 0.6390
11:13:05 | [ssl_mm_global] trained in 5s
11:13:08 | [ssl_mm_global_knn] latent kNN scoring done in 2s
11:13:16 | [ssl_mm_global_latefuse_knn] late-fusion latent kNN scoring done in 9s
11:13:16 | === ssl_no_contrastive ===
11:13:17 | [ssl_no_contrastive] epoch  1  train 0.8447  val 0.6347
11:13:17 | [ssl_no_contrastive] epoch  2  train 0.4515  val 0.3498
11:13:17 | [ssl_no_contrastive] epoch  3  train 0.2792  val 0.2483
11:13:18 | [ssl_no_contrastive] epoch  4  train 0.2090  val 0.1911
11:13:18 | [ssl_no_contrastive] epoch  5  train 0.1637  val 0.1582
11:13:18 | [ssl_no_contrastive] epoch  6  train 0.1412  val 0.1418
11:13:19 | [ssl_no_contrastive] epoch  7  train 0.1282  val 0.1303
11:13:19 | [ssl_no_contrastive] epoch  8  train 0.1190  val 0.1213
11:13:20 | [ssl_no_contrastive] epoch  9  train 0.1116  val 0.1139
11:13:20 | [ssl_no_contrastive] epoch 10  train 0.1057  val 0.1080
11:13:20 | [ssl_no_contrastive] trained in 4s
11:13:21 | [ssl_no_contrastive_knn] latent kNN scoring done in 1s
11:13:26 | [ssl_no_contrastive_latefuse_knn] late-fusion latent kNN scoring done in 4s
11:13:26 | === ssl_mm_role_fnmask ===
11:13:26 | [ssl_mm_role_fnmask] epoch  1  train 1.2819  val 1.0701
11:13:27 | [ssl_mm_role_fnmask] epoch  2  train 0.8880  val 0.7706
11:13:28 | [ssl_mm_role_fnmask] epoch  3  train 0.6788  val 0.6338
11:13:29 | [ssl_mm_role_fnmask] epoch  4  train 0.5960  val 0.5708
11:13:29 | [ssl_mm_role_fnmask] epoch  5  train 0.5434  val 0.5285
11:13:30 | [ssl_mm_role_fnmask] epoch  6  train 0.5099  val 0.5037
11:13:31 | [ssl_mm_role_fnmask] epoch  7  train 0.4912  val 0.4886
11:13:31 | [ssl_mm_role_fnmask] epoch  8  train 0.4781  val 0.4767
11:13:32 | [ssl_mm_role_fnmask] epoch  9  train 0.4678  val 0.4672
11:13:33 | [ssl_mm_role_fnmask] epoch 10  train 0.4595  val 0.4594
11:13:33 | [ssl_mm_role_fnmask] trained in 7s
11:13:34 | [ssl_mm_role_fnmask_knn] latent kNN scoring done in 1s
11:13:40 | [ssl_mm_role_fnmask_latefuse_knn] late-fusion latent kNN scoring done in 5s
11:13:40 | === ae_concat ===
11:13:40 | [ae_concat] epoch  1  train 0.8387  val 0.6414
11:13:40 | [ae_concat] epoch  2  train 0.4720  val 0.3322
11:13:40 | [ae_concat] epoch  3  train 0.2704  val 0.2271
11:13:41 | [ae_concat] epoch  4  train 0.1943  val 0.1557
11:13:41 | [ae_concat] epoch  5  train 0.1399  val 0.1128
11:13:41 | [ae_concat] epoch  6  train 0.1018  val 0.0831
11:13:41 | [ae_concat] epoch  7  train 0.0775  val 0.0668
11:13:41 | [ae_concat] epoch  8  train 0.0642  val 0.0568
11:13:42 | [ae_concat] epoch  9  train 0.0561  val 0.0501
11:13:42 | [ae_concat] epoch 10  train 0.0502  val 0.0450
11:13:42 | [ae_concat] trained in 2s
11:13:44 | [ae_concat_knn] latent kNN scoring done in 2s
11:13:45 | [ae_concat_knnrole] latent kNN scoring done in 1s
11:13:45 | === ssl_only_volume ===
11:13:45 | [ssl_only_volume] epoch  1  train 0.8166  val 0.5678
11:13:46 | [ssl_only_volume] epoch  2  train 0.3693  val 0.2620
11:13:46 | [ssl_only_volume] epoch  3  train 0.1948  val 0.1599
11:13:46 | [ssl_only_volume] epoch  4  train 0.1211  val 0.1084
11:13:46 | [ssl_only_volume] epoch  5  train 0.0943  val 0.0958
11:13:46 | [ssl_only_volume] epoch  6  train 0.0856  val 0.0892
11:13:47 | [ssl_only_volume] epoch  7  train 0.0805  val 0.0840
11:13:47 | [ssl_only_volume] epoch  8  train 0.0764  val 0.0798
11:13:47 | [ssl_only_volume] epoch  9  train 0.0725  val 0.0761
11:13:47 | [ssl_only_volume] epoch 10  train 0.0689  val 0.0727
11:13:47 | [ssl_only_volume] trained in 2s
11:13:48 | [ssl_only_volume_knn] latent kNN scoring done in 1s
11:13:48 | === ssl_only_timing_tcp ===
11:13:49 | [ssl_only_timing_tcp] epoch  1  train 0.8014  val 0.5312
11:13:49 | [ssl_only_timing_tcp] epoch  2  train 0.3796  val 0.2703
11:13:49 | [ssl_only_timing_tcp] epoch  3  train 0.2159  val 0.1673
11:13:49 | [ssl_only_timing_tcp] epoch  4  train 0.1517  val 0.1248
11:13:49 | [ssl_only_timing_tcp] epoch  5  train 0.1213  val 0.1055
11:13:50 | [ssl_only_timing_tcp] epoch  6  train 0.1068  val 0.0954
11:13:50 | [ssl_only_timing_tcp] epoch  7  train 0.0975  val 0.0884
11:13:50 | [ssl_only_timing_tcp] epoch  8  train 0.0902  val 0.0821
11:13:50 | [ssl_only_timing_tcp] epoch  9  train 0.0836  val 0.0762
11:13:51 | [ssl_only_timing_tcp] epoch 10  train 0.0779  val 0.0705
11:13:51 | [ssl_only_timing_tcp] trained in 2s
11:13:52 | [ssl_only_timing_tcp_knn] latent kNN scoring done in 1s
11:13:52 | === ssl_only_categorical ===
11:13:52 | [ssl_only_categorical] epoch  1  train 0.7974  val 0.5703
11:13:52 | [ssl_only_categorical] epoch  2  train 0.3832  val 0.3020
11:13:52 | [ssl_only_categorical] epoch  3  train 0.2040  val 0.1355
11:13:53 | [ssl_only_categorical] epoch  4  train 0.1025  val 0.0847
11:13:53 | [ssl_only_categorical] epoch  5  train 0.0775  val 0.0730
11:13:53 | [ssl_only_categorical] epoch  6  train 0.0691  val 0.0679
11:13:53 | [ssl_only_categorical] epoch  7  train 0.0645  val 0.0647
11:13:53 | [ssl_only_categorical] epoch  8  train 0.0610  val 0.0620
11:13:54 | [ssl_only_categorical] epoch  9  train 0.0576  val 0.0596
11:13:54 | [ssl_only_categorical] epoch 10  train 0.0543  val 0.0567
11:13:54 | [ssl_only_categorical] trained in 2s
11:13:55 | [ssl_only_categorical_knn] latent kNN scoring done in 1s
11:13:55 | === ssl_only_application ===
11:13:56 | [ssl_only_application] epoch  1  train 0.5899  val 0.1738
11:13:56 | [ssl_only_application] epoch  2  train 0.1248  val 0.0810
11:13:56 | [ssl_only_application] epoch  3  train 0.0924  val 0.0700
11:13:56 | [ssl_only_application] epoch  4  train 0.0840  val 0.0637
11:13:56 | [ssl_only_application] epoch  5  train 0.0781  val 0.0544
11:13:57 | [ssl_only_application] epoch  6  train 0.0682  val 0.0426
11:13:57 | [ssl_only_application] epoch  7  train 0.0629  val 0.0399
11:13:57 | [ssl_only_application] epoch  8  train 0.0606  val 0.0384
11:13:57 | [ssl_only_application] epoch  9  train 0.0589  val 0.0373
11:13:57 | [ssl_only_application] epoch 10  train 0.0576  val 0.0366
11:13:57 | [ssl_only_application] trained in 2s
11:13:59 | [ssl_only_application_knn] latent kNN scoring done in 2s
11:13:59 | === ssl_only_context ===
11:14:00 | [ssl_only_context] epoch  1  train 0.7984  val 0.6019
11:14:00 | [ssl_only_context] epoch  2  train 0.4679  val 0.3728
11:14:00 | [ssl_only_context] epoch  3  train 0.3051  val 0.2632
11:14:00 | [ssl_only_context] epoch  4  train 0.2432  val 0.2209
11:14:01 | [ssl_only_context] epoch  5  train 0.2197  val 0.2037
11:14:01 | [ssl_only_context] epoch  6  train 0.2077  val 0.1953
11:14:01 | [ssl_only_context] epoch  7  train 0.1956  val 0.1802
11:14:01 | [ssl_only_context] epoch  8  train 0.1774  val 0.1674
11:14:02 | [ssl_only_context] epoch  9  train 0.1677  val 0.1610
11:14:02 | [ssl_only_context] epoch 10  train 0.1613  val 0.1547
11:14:02 | [ssl_only_context] trained in 2s
11:14:03 | [ssl_only_context_knn] latent kNN scoring done in 1s
11:14:03 | === iforest ===
11:14:04 | === pca_recon ===
11:14:05 | === rf_supervised ===
11:14:13 | [fixed] evaluating 28 methods on 82332 test flows (45332 attacks)
11:14:16 | 
                         method  roc_auc  pr_auc  accuracy  precision  recall    f1   fpr   mcc  attack_rate  latency_ms_per_1k_flows
                      ae_concat    0.910   0.929     0.790      0.974   0.635 0.769 0.020 0.637        0.551                    0.688
                  ae_concat_knn    0.931   0.941     0.785      0.968   0.630 0.763 0.025 0.627        0.551                  258.029
              ae_concat_knnrole    0.928   0.944     0.771      0.968   0.605 0.744 0.025 0.607        0.551                  125.156
                        iforest    0.829   0.849     0.555      0.949   0.203 0.334 0.013 0.292        0.551                    9.737
                      pca_recon    0.838   0.815     0.453      0.618   0.019 0.038 0.015 0.018        0.551                    0.882
                  rf_supervised    0.985   0.988     0.901      0.863   0.975 0.915 0.190 0.805        0.551                    8.201
                  ssl_mm_global    0.901   0.904     0.520      0.933   0.138 0.241 0.012 0.229        0.551                    1.567
              ssl_mm_global_knn    0.914   0.920     0.714      0.962   0.501 0.659 0.024 0.524        0.551                  207.844
     ssl_mm_global_latefuse_knn    0.804   0.767     0.461      0.717   0.036 0.069 0.017 0.057        0.551                 1032.114
                    ssl_mm_role    0.892   0.889     0.500      0.911   0.102 0.184 0.012 0.186        0.551                    1.688
             ssl_mm_role_fnmask    0.910   0.915     0.637      0.967   0.353 0.518 0.015 0.420        0.551                    2.313
         ssl_mm_role_fnmask_knn    0.936   0.951     0.809      0.975   0.670 0.794 0.021 0.665        0.551                  130.309
ssl_mm_role_fnmask_latefuse_knn    0.718   0.643     0.456      0.929   0.013 0.025 0.001 0.066        0.551                  622.352
                ssl_mm_role_knn    0.928   0.947     0.806      0.975   0.665 0.791 0.021 0.662        0.551                  113.992
       ssl_mm_role_latefuse_knn    0.756   0.745     0.471      0.858   0.046 0.088 0.009 0.108        0.551                  584.653
             ssl_no_contrastive    0.899   0.914     0.784      0.979   0.621 0.760 0.016 0.631        0.551                    1.620
         ssl_no_contrastive_knn    0.923   0.943     0.807      0.970   0.669 0.792 0.025 0.660        0.551                  111.881
ssl_no_contrastive_latefuse_knn    0.655   0.640     0.456      0.929   0.013 0.025 0.001 0.066        0.551                  529.522
           ssl_only_application    0.506   0.571     0.466      0.844   0.038 0.073 0.009 0.094        0.551                    0.801
       ssl_only_application_knn    0.518   0.575     0.466      0.911   0.033 0.064 0.004 0.104        0.551                  200.864
           ssl_only_categorical    0.758   0.795     0.457      0.852   0.018 0.035 0.004 0.065        0.551                    0.524
       ssl_only_categorical_knn    0.458   0.579     0.456      0.929   0.013 0.025 0.001 0.066        0.551                  138.900
               ssl_only_context    0.846   0.869     0.710      0.948   0.501 0.656 0.034 0.512        0.551                    0.536
           ssl_only_context_knn    0.801   0.876     0.716      0.940   0.518 0.668 0.040 0.517        0.551                  133.048
            ssl_only_timing_tcp    0.747   0.843     0.701      0.978   0.468 0.633 0.013 0.513        0.551                    0.475
        ssl_only_timing_tcp_knn    0.740   0.843     0.710      0.964   0.492 0.652 0.023 0.519        0.551                  123.805
                ssl_only_volume    0.746   0.838     0.694      0.986   0.450 0.618 0.008 0.507        0.551                    0.467
            ssl_only_volume_knn    0.915   0.929     0.715      0.952   0.508 0.663 0.032 0.520        0.551                  120.847
11:14:16 | 
recall per attack:
method          n_flows  ssl_mm_role_knn  ssl_mm_global_knn  ae_concat_knn  ae_concat_knnrole  ssl_mm_role  ssl_mm_global  ae_concat  iforest  pca_recon  rf_supervised
attack                                                                                                                                                                 
Analysis            677           0.8936             0.8685         0.6145             0.6322       0.3117         0.5495     0.9143   0.0000     0.0074         0.9911
Backdoor            583           0.9160             0.9091         0.7050             0.7153       0.3533         0.6432     0.9108   0.0103     0.0223         0.9983
DoS                4089           0.7376             0.7109         0.5168             0.5177       0.2705         0.3419     0.7554   0.0144     0.0340         0.9985
Exploits          11132           0.5074             0.5995         0.5026             0.4071       0.1974         0.2523     0.4125   0.0088     0.0336         0.9933
Fuzzers            6062           0.2585             0.2537         0.1994             0.2057       0.0874         0.1468     0.2295   0.0046     0.0520         0.8266
Generic           18871           0.9760             0.5363         0.9769             0.9742       0.0092         0.0122     0.9638   0.4755     0.0004         0.9999
Reconnaissance     3496           0.0993             0.1015         0.1001             0.0787       0.0572         0.0558     0.1055   0.0051     0.0074         0.9989
Shellcode           378           0.0317             0.0132         0.0053             0.0132       0.0026         0.0026     0.0053   0.0000     0.0000         0.9894
Worms                44           0.1818             0.2273         0.2727             0.1818       0.2273         0.1136     0.1591   0.0000     0.0000         1.0000
11:14:26 | explaining 22 alerts ({'Benign': 5, 'Analysis': 2, 'Backdoor': 2, 'DoS': 2, 'Exploits': 2, 'Fuzzers': 2, 'Generic': 2, 'Reconnaissance': 2, 'Worms': 2, 'Shellcode': 1})
11:14:36 | shap backend: shap.KernelExplainer
native_deletion_drop    0.503
native_random_drop     -0.007
shap_deletion_drop      0.403
shap_random_drop        0.009
lime_deletion_drop     -0.096
lime_random_drop       -0.035
stab_native             1.000
stab_shap               0.576
stab_lime               0.516
agree_native_shap       0.306
agree_native_lime       0.133
agree_shap_lime         0.197
sec_shap                0.246
sec_lime                0.012
11:14:40 | analyst report: 22 alerts | {'LOW': 22} | confirmed by signature: 0 | with hypothesis: 0
UNSW_EXIT=0
